// Jest Snapshot v1, https://jestjs.io/docs/snapshot-testing

exports[`ThemedText should render text with default style 1`] = `
<Text
  style={
    [
      {
        "color": "#000000",
      },
      {
        "fontSize": 16,
        "lineHeight": 24,
      },
      undefined,
      undefined,
      undefined,
      undefined,
      undefined,
    ]
  }
>
  Default Text
</Text>
`;
